
There are no discarded input sections

Memory Configuration

Name             Origin             Length             Attributes
FLASH            0x08000000         0x00080000         xr
SRAM             0x20000000         0x00020000         xrw
*default*        0x00000000         0xffffffff

Linker script and memory map

LOAD /usr/lib/gcc/arm-none-eabi/15.2.0/libgcc.a
LOAD buzzer.o
LOAD exti.o
LOAD main.o
LOAD rtc.o
LOAD SevenSeg.o
LOAD stm32f411_startup.o
LOAD stringMod.o
LOAD tim.o
LOAD userButton.o
                0x20020000                        _estack = (ORIGIN (SRAM) + LENGTH (SRAM))
                0x00000200                        __max_heap_size = 0x200
                0x00000400                        __max_stack_size = 0x400

.text           0x08000000     0x1830
                0x08000000                        . = ALIGN (0x4)
 *(.isr_vector_tbl)
 .isr_vector_tbl
                0x08000000      0x198 stm32f411_startup.o
                0x08000000                vector_tbl
 *(.text)
 .text          0x08000198       0xe8 buzzer.o
                0x08000198                buzzerOn
                0x080001b0                buzzerOff
                0x080001c8                initBuzzer_PC2
                0x08000224                beep
 .text          0x08000280       0xec exti.o
                0x080002b8                pc13_exti13_init
                0x08000334                setExti13Interupt
 .text          0x0800036c      0x548 main.o
                0x0800036c                main
                0x080003b4                clockMode
                0x080003f8                timerMode
                0x080004b4                timerClockSetMode
                0x08000660                EXTI15_10_IRQHandler
                0x08000694                handleButton
                0x08000840                timerCount
 .text          0x080008b4      0x57c rtc.o
                0x08000b28                rtc_init
                0x08000c2c                change_time
                0x08000c94                change_date
                0x08000cd8                rtc_date_get_year
                0x08000d04                rtc_date_get_weekday
                0x08000d24                rtc_date_get_month
                0x08000d50                rtc_date_get_dayOfMonth
                0x08000d78                rtc_time_get_AM_PM
                0x08000da0                rtc_time_get_hour
                0x08000dd0                rtc_time_get_minute
                0x08000e00                rtc_time_get_seconds
 .text          0x08000e30      0x608 SevenSeg.o
                0x08000fe8                displayNumber4Dig
                0x08001120                displayTime4Dig
                0x0800126c                displayStringStatic
                0x080013ac                init7SegDisplay
 .text          0x08001438       0x88 stm32f411_startup.o
                0x08001438                RTC_Alarm_IRQHandler
                0x08001438                EXTI2_IRQHandler
                0x08001438                DebugMon_Handler
                0x08001438                SPI4_IRQHandler
                0x08001438                TIM1_CC_IRQHandler
                0x08001438                DMA2_Stream5_IRQHandler
                0x08001438                HardFault_Handler
                0x08001438                DMA1_Stream5_IRQHandler
                0x08001438                SysTick_Handler
                0x08001438                PVD_IRQHandler
                0x08001438                SDIO_IRQHandler
                0x08001438                TAMP_STAMP_IRQHandler
                0x08001438                PendSV_Handler
                0x08001438                NMI_Handler
                0x08001438                EXTI3_IRQHandler
                0x08001438                TIM1_UP_TIM10_IRQHandler
                0x08001438                I2C3_ER_IRQHandler
                0x08001438                EXTI0_IRQHandler
                0x08001438                I2C2_EV_IRQHandler
                0x08001438                DMA1_Stream2_IRQHandler
                0x08001438                FPU_IRQHandler
                0x08001438                UsageFault_Handler
                0x08001438                DMA2_Stream2_IRQHandler
                0x08001438                SPI1_IRQHandler
                0x08001438                TIM1_BRK_TIM9_IRQHandler
                0x08001438                DMA2_Stream3_IRQHandler
                0x08001438                USART6_IRQHandler
                0x08001438                DMA2_Stream0_IRQHandler
                0x08001438                TIM4_IRQHandler
                0x08001438                I2C1_EV_IRQHandler
                0x08001438                DMA1_Stream6_IRQHandler
                0x08001438                DMA1_Stream1_IRQHandler
                0x08001438                TIM3_IRQHandler
                0x08001438                RCC_IRQHandler
                0x08001438                Default_Handler
                0x08001438                ADC_IRQHandler
                0x08001438                DMA1_Stream7_IRQHandler
                0x08001438                SPI5_IRQHandler
                0x08001438                TIM5_IRQHandler
                0x08001438                DMA2_Stream7_IRQHandler
                0x08001438                I2C3_EV_IRQHandler
                0x08001438                EXTI9_5_IRQHandler
                0x08001438                RTC_WKUP_IRQHandler
                0x08001438                SPI2_IRQHandler
                0x08001438                MemManage_Handler
                0x08001438                DMA1_Stream0_IRQHandler
                0x08001438                SVC_Handler
                0x08001438                EXTI4_IRQHandler
                0x08001438                WWDG_IRQHandler
                0x08001438                TIM2_IRQHandler
                0x08001438                OTG_FS_WKUP_IRQHandler
                0x08001438                TIM1_TRG_COM_TIM11_IRQHandler
                0x08001438                EXTI1_IRQHandler
                0x08001438                USART2_IRQHandler
                0x08001438                I2C2_ER_IRQHandler
                0x08001438                DMA2_Stream1_IRQHandler
                0x08001438                FLASH_IRQHandler
                0x08001438                DMA2_Stream4_IRQHandler
                0x08001438                BusFault_Handler
                0x08001438                USART1_IRQHandler
                0x08001438                OTG_FS_IRQHandler
                0x08001438                SPI3_IRQHandler
                0x08001438                DMA1_Stream4_IRQHandler
                0x08001438                I2C1_ER_IRQHandler
                0x08001438                DMA2_Stream6_IRQHandler
                0x08001438                DMA1_Stream3_IRQHandler
                0x0800143e                Reset_Handler
 .text          0x080014c0       0x60 stringMod.o
                0x080014c0                toLower
                0x080014ea                strLen
 .text          0x08001520      0x2b0 tim.o
                0x080015a0                initMiliSecTimer
                0x08001658                startTimer
                0x08001676                resetTimer
                0x0800169a                stopTimer
                0x080016b8                hasHEV
                0x080016e8                delay
                0x08001744                setInterupt
 .text          0x080017d0       0x58 userButton.o
                0x080017d0                initUserButton
                0x080017fc                isUserButtonPressed
 *(.rodata)
 .rodata        0x08001828        0x6 main.o
                0x08001830                        . = ALIGN (0x4)
 *fill*         0x0800182e        0x2 
                0x08001830                        _etext = .

.glue_7         0x08001830        0x0
 .glue_7        0x08001830        0x0 linker stubs

.glue_7t        0x08001830        0x0
 .glue_7t       0x08001830        0x0 linker stubs

.vfp11_veneer   0x08001830        0x0
 .vfp11_veneer  0x08001830        0x0 linker stubs

.v4_bx          0x08001830        0x0
 .v4_bx         0x08001830        0x0 linker stubs

.iplt           0x08001830        0x0
 .iplt          0x08001830        0x0 buzzer.o

.rel.dyn        0x08001830        0x0
 .rel.iplt      0x08001830        0x0 buzzer.o

.data           0x20000000      0x110 load address 0x08001830
                0x20000000                        . = ALIGN (0x4)
                0x20000000                        _sdata = .
 *(.data)
 .data          0x20000000        0x0 buzzer.o
 .data          0x20000000        0x0 exti.o
 .data          0x20000000       0x10 main.o
                0x20000000                date
                0x20000004                isTimerFinished
                0x20000008                timerFunc
                0x2000000c                curFunc
 .data          0x20000010        0x0 rtc.o
 .data          0x20000010       0xfe SevenSeg.o
                0x20000010                numBuffer
                0x20000058                charBuffer
 .data          0x2000010e        0x0 stm32f411_startup.o
 .data          0x2000010e        0x0 stringMod.o
 .data          0x2000010e        0x0 tim.o
 .data          0x2000010e        0x0 userButton.o
                0x20000110                        . = ALIGN (0x4)
 *fill*         0x2000010e        0x2 
                0x20000110                        _edata = .

.igot.plt       0x20000110        0x0 load address 0x08001940
 .igot.plt      0x20000110        0x0 buzzer.o

.bss            0x20000110       0x24 load address 0x08001940
                0x20000110                        . = ALIGN (0x4)
                0x20000110                        _sbss = .
 *(.bss)
 .bss           0x20000110        0x0 buzzer.o
 .bss           0x20000110        0x0 exti.o
 .bss           0x20000110       0x14 main.o
                0x20000110                timerSecs
                0x20000114                timerMins
                0x20000118                time
                0x2000011c                isTiming
                0x2000011d                mode
                0x2000011e                isButtonPressed
 .bss           0x20000124        0x0 rtc.o
 .bss           0x20000124        0x0 SevenSeg.o
 .bss           0x20000124        0x0 stm32f411_startup.o
 .bss           0x20000124        0x0 stringMod.o
 .bss           0x20000124       0x10 tim.o
                0x20000124                timer2Ptr
                0x20000128                timer3Ptr
                0x2000012c                timer4Ptr
                0x20000130                timer5Ptr
 .bss           0x20000134        0x0 userButton.o
                0x20000134                        . = ALIGN (0x4)
                0x20000134                        _ebss = .
OUTPUT(app.elf elf32-littlearm)
LOAD linker stubs

.comment        0x00000000       0x23
 .comment       0x00000000       0x23 buzzer.o
                                 0x24 (size before relaxing)
 .comment       0x00000023        0x0 exti.o
                                 0x24 (size before relaxing)
 .comment       0x00000023        0x0 main.o
                                 0x24 (size before relaxing)
 .comment       0x00000023        0x0 rtc.o
                                 0x24 (size before relaxing)
 .comment       0x00000023        0x0 SevenSeg.o
                                 0x24 (size before relaxing)
 .comment       0x00000023        0x0 stm32f411_startup.o
                                 0x24 (size before relaxing)
 .comment       0x00000023        0x0 stringMod.o
                                 0x24 (size before relaxing)
 .comment       0x00000023        0x0 tim.o
                                 0x24 (size before relaxing)
 .comment       0x00000023        0x0 userButton.o
                                 0x24 (size before relaxing)

.ARM.attributes
                0x00000000       0x34
 .ARM.attributes
                0x00000000       0x34 buzzer.o
 .ARM.attributes
                0x00000034       0x34 exti.o
 .ARM.attributes
                0x00000068       0x34 main.o
 .ARM.attributes
                0x0000009c       0x34 rtc.o
 .ARM.attributes
                0x000000d0       0x34 SevenSeg.o
 .ARM.attributes
                0x00000104       0x34 stm32f411_startup.o
 .ARM.attributes
                0x00000138       0x34 stringMod.o
 .ARM.attributes
                0x0000016c       0x34 tim.o
 .ARM.attributes
                0x000001a0       0x34 userButton.o
